// Jest Snapshot v1, https://jestjs.io/docs/snapshot-testing

exports[`Pruebas en <GifExpertApp /> debe de probar Snapshot 1`] = `
<div>
  <h3>
    GifExpertApp - CÃ©sar Morales
  </h3>
  <form
    aria-label="form"
  >
    <input
      placeholder="Buscar gifs"
      type="text"
      value=""
    />
  </form>
  <h3>
    One Punch
  </h3>
  <h2>
    Cargando...
  </h2>
  <div
    class="card-grid"
  />
</div>
`;
